------------------------------------------------------------
TimeQuest Timing Analyzer Summary
------------------------------------------------------------

Type  : Slow Model Setup 'BoutonAffichageMemoire'
Slack : -2.222
TNS   : -39.355

Type  : Slow Model Setup 'BoutondeSauvegarde'
Slack : -1.844
TNS   : -186.583

Type  : Slow Model Setup 'CHRONO_H'
Slack : -1.387
TNS   : -37.698

Type  : Slow Model Setup 'STOP'
Slack : -1.118
TNS   : -10.807

Type  : Slow Model Hold 'BoutonAffichageMemoire'
Slack : 0.157
TNS   : 0.000

Type  : Slow Model Hold 'BoutondeSauvegarde'
Slack : 0.391
TNS   : 0.000

Type  : Slow Model Hold 'CHRONO_H'
Slack : 0.391
TNS   : 0.000

Type  : Slow Model Hold 'STOP'
Slack : 0.600
TNS   : 0.000

Type  : Slow Model Recovery 'BoutonAffichageMemoire'
Slack : -0.057
TNS   : -0.554

Type  : Slow Model Recovery 'CHRONO_H'
Slack : -0.029
TNS   : -0.029

Type  : Slow Model Removal 'CHRONO_H'
Slack : -0.043
TNS   : -1.032

Type  : Slow Model Removal 'BoutonAffichageMemoire'
Slack : -0.038
TNS   : -0.114

Type  : Slow Model Minimum Pulse Width 'CHRONO_H'
Slack : -1.380
TNS   : -45.380

Type  : Slow Model Minimum Pulse Width 'STOP'
Slack : -1.380
TNS   : -1.380

Type  : Slow Model Minimum Pulse Width 'BoutondeSauvegarde'
Slack : -1.222
TNS   : -132.222

Type  : Slow Model Minimum Pulse Width 'BoutonAffichageMemoire'
Slack : -1.222
TNS   : -36.222

Type  : Fast Model Setup 'BoutonAffichageMemoire'
Slack : -0.467
TNS   : -5.481

Type  : Fast Model Setup 'BoutondeSauvegarde'
Slack : -0.404
TNS   : -28.019

Type  : Fast Model Setup 'CHRONO_H'
Slack : -0.092
TNS   : -0.406

Type  : Fast Model Setup 'STOP'
Slack : -0.039
TNS   : -0.039

Type  : Fast Model Hold 'BoutonAffichageMemoire'
Slack : -0.238
TNS   : -2.978

Type  : Fast Model Hold 'BoutondeSauvegarde'
Slack : 0.215
TNS   : 0.000

Type  : Fast Model Hold 'CHRONO_H'
Slack : 0.215
TNS   : 0.000

Type  : Fast Model Hold 'STOP'
Slack : 0.384
TNS   : 0.000

Type  : Fast Model Recovery 'BoutonAffichageMemoire'
Slack : 0.215
TNS   : 0.000

Type  : Fast Model Recovery 'CHRONO_H'
Slack : 0.247
TNS   : 0.000

Type  : Fast Model Removal 'CHRONO_H'
Slack : -0.026
TNS   : -0.601

Type  : Fast Model Removal 'BoutonAffichageMemoire'
Slack : -0.005
TNS   : -0.015

Type  : Fast Model Minimum Pulse Width 'CHRONO_H'
Slack : -1.380
TNS   : -45.380

Type  : Fast Model Minimum Pulse Width 'STOP'
Slack : -1.380
TNS   : -1.380

Type  : Fast Model Minimum Pulse Width 'BoutondeSauvegarde'
Slack : -1.222
TNS   : -132.222

Type  : Fast Model Minimum Pulse Width 'BoutonAffichageMemoire'
Slack : -1.222
TNS   : -36.222

------------------------------------------------------------
